--
-- AGTYPE data type regression tests
--
--
-- Load extension and set path
--
LOAD 'agensgraph';
SET search_path TO ag_catalog;
--
-- Create a table using the AGTYPE type
--
CREATE TABLE agtype_table (type text, agtype agtype);
--
-- Insert values to exercise agtype_in/agtype_out
--
INSERT INTO agtype_table VALUES ('bool', 'true');
INSERT INTO agtype_table VALUES ('bool', 'false');
INSERT INTO agtype_table VALUES ('null', 'null');
INSERT INTO agtype_table VALUES ('string', '""');
INSERT INTO agtype_table VALUES ('string', '"This is a string"');
INSERT INTO agtype_table VALUES ('integer', '0');
INSERT INTO agtype_table VALUES ('integer', '9223372036854775807');
INSERT INTO agtype_table VALUES ('integer', '-9223372036854775808');
INSERT INTO agtype_table VALUES ('float', '0.0');
INSERT INTO agtype_table VALUES ('float', '1.0');
INSERT INTO agtype_table VALUES ('float', '-1.0');
INSERT INTO agtype_table VALUES ('float', '100000000.000001');
INSERT INTO agtype_table VALUES ('float', '-100000000.000001');
INSERT INTO agtype_table VALUES ('float', '0.00000000000000012345');
INSERT INTO agtype_table VALUES ('float', '-0.00000000000000012345');
INSERT INTO agtype_table VALUES ('integer array',
	'[-9223372036854775808, -1, 0, 1, 9223372036854775807]');
INSERT INTO agtype_table VALUES('float array',
	'[-0.00000000000000012345, -100000000.000001, -1.0, 0.0, 1.0, 100000000.000001, 0.00000000000000012345]');
INSERT INTO agtype_table VALUES('mixed array', '[true, false, null, "string", 1, 1.0, {"bool":true}]');
INSERT INTO agtype_table VALUES('object', '{"bool":true, "null":null, "string":"string", "integer":1, "float":1.2, "arrayi":[-1,0,1], "arrayf":[-1.0, 0.0, 1.0], "object":{"bool":true, "null":null, "string":"string", "int":1, "float":8.0}}');
--
-- Special float values: NaN, +/- Infinity
--
INSERT INTO agtype_table VALUES ('float  nan', 'nan');
INSERT INTO agtype_table VALUES ('float  Infinity', 'Infinity');
INSERT INTO agtype_table VALUES ('float -Infinity', '-Infinity');
INSERT INTO agtype_table VALUES ('float  inf', 'inf');
INSERT INTO agtype_table VALUES ('float -inf', '-inf');
SELECT * FROM agtype_table;
      type       |                                                                                                       agtype                                                                                                       
-----------------+--------------------------------------------------------------------------------------------------------------------------------------------------------------------------------------------------------------------
 bool            | true
 bool            | false
 null            | null
 string          | ""
 string          | "This is a string"
 integer         | 0
 integer         | 9223372036854775807
 integer         | -9223372036854775808
 float           | 0.0
 float           | 1.0
 float           | -1.0
 float           | 100000000.000001
 float           | -100000000.000001
 float           | 1.2345e-16
 float           | -1.2345e-16
 integer array   | [-9223372036854775808, -1, 0, 1, 9223372036854775807]
 float array     | [-1.2345e-16, -100000000.000001, -1.0, 0.0, 1.0, 100000000.000001, 1.2345e-16]
 mixed array     | [true, false, null, "string", 1, 1.0, {"bool": true}]
 object          | {"bool": true, "null": null, "float": 1.2, "arrayf": [-1.0, 0.0, 1.0], "arrayi": [-1, 0, 1], "object": {"int": 1, "bool": true, "null": null, "float": 8.0, "string": "string"}, "string": "string", "integer": 1}
 float  nan      | NaN
 float  Infinity | Infinity
 float -Infinity | -Infinity
 float  inf      | Infinity
 float -inf      | -Infinity
(24 rows)

--
-- These should fail
--
INSERT INTO agtype_table VALUES ('bad integer', '9223372036854775808');
ERROR:  value "9223372036854775808" is out of range for type bigint
LINE 1: INSERT INTO agtype_table VALUES ('bad integer', '92233720368...
                                                        ^
INSERT INTO agtype_table VALUES ('bad integer', '-9223372036854775809');
ERROR:  value "-9223372036854775809" is out of range for type bigint
LINE 1: INSERT INTO agtype_table VALUES ('bad integer', '-9223372036...
                                                        ^
INSERT INTO agtype_table VALUES ('bad float', '-NaN');
ERROR:  invalid input syntax for type agtype
LINE 1: INSERT INTO agtype_table VALUES ('bad float', '-NaN');
                                                      ^
DETAIL:  Token "-NaN" is invalid.
CONTEXT:  AGTYPE data, line 1: -NaN
INSERT INTO agtype_table VALUES ('bad float', 'Infi');
ERROR:  invalid input syntax for type agtype
LINE 1: INSERT INTO agtype_table VALUES ('bad float', 'Infi');
                                                      ^
DETAIL:  Token "Infi" is invalid.
CONTEXT:  AGTYPE data, line 1: Infi
INSERT INTO agtype_table VALUES ('bad float', '-Infi');
ERROR:  invalid input syntax for type agtype
LINE 1: INSERT INTO agtype_table VALUES ('bad float', '-Infi');
                                                      ^
DETAIL:  Token "-Infi" is invalid.
CONTEXT:  AGTYPE data, line 1: -Infi
--
-- Test agtype mathematical operator functions
-- +, -, unary -, *, /, %, and ^
--
SELECT agtype_add('1', '-1');
 agtype_add 
------------
 0
(1 row)

SELECT agtype_add('1', '-1.0');
 agtype_add 
------------
 0.0
(1 row)

SELECT agtype_add('1.0', '-1');
 agtype_add 
------------
 0.0
(1 row)

SELECT agtype_add('1.0', '-1.0');
 agtype_add 
------------
 0.0
(1 row)

SELECT agtype_sub('-1', '-1');
 agtype_sub 
------------
 0
(1 row)

SELECT agtype_sub('-1', '-1.0');
 agtype_sub 
------------
 0.0
(1 row)

SELECT agtype_sub('-1.0', '-1');
 agtype_sub 
------------
 0.0
(1 row)

SELECT agtype_sub('-1.0', '-1.0');
 agtype_sub 
------------
 0.0
(1 row)

SELECT agtype_neg('-1');
 agtype_neg 
------------
 1
(1 row)

SELECT agtype_neg('-1.0');
 agtype_neg 
------------
 1.0
(1 row)

SELECT agtype_neg('0');
 agtype_neg 
------------
 0
(1 row)

SELECT agtype_neg('0.0');
 agtype_neg 
------------
 -0.0
(1 row)

SELECT agtype_mul('-2', '3');
 agtype_mul 
------------
 -6
(1 row)

SELECT agtype_mul('2', '-3.0');
 agtype_mul 
------------
 -6.0
(1 row)

SELECT agtype_mul('-2.0', '3');
 agtype_mul 
------------
 -6.0
(1 row)

SELECT agtype_mul('2.0', '-3.0');
 agtype_mul 
------------
 -6.0
(1 row)

SELECT agtype_div('-4', '3');
 agtype_div 
------------
 -1
(1 row)

SELECT agtype_div('4', '-3.0');
    agtype_div     
-------------------
 -1.33333333333333
(1 row)

SELECT agtype_div('-4.0', '3');
    agtype_div     
-------------------
 -1.33333333333333
(1 row)

SELECT agtype_div('4.0', '-3.0');
    agtype_div     
-------------------
 -1.33333333333333
(1 row)

SELECT agtype_pow('-2', '3');
 agtype_pow 
------------
 -8.0
(1 row)

SELECT agtype_pow('2', '-1.0');
 agtype_pow 
------------
 0.5
(1 row)

SELECT agtype_pow('2.0', '3');
 agtype_pow 
------------
 8.0
(1 row)

SELECT agtype_pow('2.0', '-1.0');
 agtype_pow 
------------
 0.5
(1 row)

--
-- Should faile with divide by zero
--
SELECT agtype_div('1', '0');
ERROR:  division by zero
SELECT agtype_div('1', '0.0');
ERROR:  division by zero
SELECT agtype_div('1.0', '0');
ERROR:  division by zero
SELECT agtype_div('1.0', '0.0');
ERROR:  division by zero
--
-- Should get Infinity
--
SELECT agtype_pow('0', '-1');
 agtype_pow 
------------
 Infinity
(1 row)

SELECT agtype_pow('-0.0', '-1');
 agtype_pow 
------------
 -Infinity
(1 row)

--
-- Test operators +, -, unary -, *, /, %, and ^
--
SELECT '3.14'::agtype + '3.14'::agtype;
 ?column? 
----------
 6.28
(1 row)

SELECT '3.14'::agtype - '3.14'::agtype;
 ?column? 
----------
 0.0
(1 row)

SELECT -'3.14'::agtype;
 ?column? 
----------
 -3.14
(1 row)

SELECT '3.14'::agtype * '3.14'::agtype;
 ?column? 
----------
 9.8596
(1 row)

SELECT '3.14'::agtype / '3.14'::agtype;
 ?column? 
----------
 1.0
(1 row)

SELECT '3.14'::agtype % '3.14'::agtype;
 ?column? 
----------
 0.0
(1 row)

SELECT '3.14'::agtype ^ '2'::agtype;
 ?column? 
----------
 9.8596
(1 row)

--
-- Cleanup
--
DROP TABLE agtype_table;
--
-- End of AGTYPE data type regression tests
--
